---
source: src/test/mod.rs
expression: "String::from_utf8(f).expect(\"failed to convert bytes to string\")"
---

using namespace System.Management.Automation
using namespace System.Management.Automation.Language

Register-ArgumentCompleter -Native -CommandName 'test' -ScriptBlock {
    param($wordToComplete, $commandAst, $cursorPosition)

    $commandElements = $commandAst.CommandElements
    $command = @(
        'test'
        for ($i = 1; $i -lt $commandElements.Count; $i++) {
            $element = $commandElements[$i]
            if ($element -isnot [StringConstantExpressionAst] -or
                $element.StringConstantType -ne [StringConstantType]::BareWord -or
                $element.Value.StartsWith('-') -or
                $element.Value -eq $wordToComplete) {
                break
        }
        $element.Value
    }) -join ';'

    $completions = @(switch ($command) {
        'test' {
            [CompletionResult]::new('--generate-completion', '--generate-completion', [CompletionResultType]::ParameterName, 'Generate shell completion script to stdout and exit')
            [CompletionResult]::new('-f', '-f', [CompletionResultType]::ParameterName, 'f')
            [CompletionResult]::new('--flag-a', '--flag-a', [CompletionResultType]::ParameterName, 'flag-a')
            [CompletionResult]::new('-h', '-h', [CompletionResultType]::ParameterName, 'Print help')
            [CompletionResult]::new('--help', '--help', [CompletionResultType]::ParameterName, 'Print help')
            break
        }
    })

    $completions.Where{ $_.CompletionText -like "$wordToComplete*" } |
        Sort-Object -Property ListItemText
}
